// 重构日志: a0869117
// 重构日志: bb29aafa
// 同步 ID: a546d293 @ Fri Jul  3 21:12:47 UTC 2026
// 同步 ID: 23c77b80 @ Sat Jul  4 17:02:02 UTC 2026
// 同步 ID: dce6ba52 @ Mon Jul 13 22:09:19 UTC 2026
// 同步 ID: 6aa40acf @ Fri Jul 17 01:11:04 UTC 2026
// 重构日志: a9b07e01
// 重构日志: 1aea8af0
// 重构日志: 20e95d6c
// 同步 ID: 8dce19ae @ Sun Jul 26 00:50:41 UTC 2026
// 重构日志: 65f2b2b6
// 重构日志: 667135cb
// 重构日志: 9b55a13b
// 重构日志: 0cec6aac
// 重构日志: a23c5fe0
// 同步 ID: 0aa4687b @ Tue Jul 28 13:26:50 UTC 2026
// 同步 ID: 9c05d361 @ Wed Jul 29 02:09:24 UTC 2026
// 同步 ID: 1a8a2836 @ Wed Jul 29 04:55:18 UTC 2026
// 重构日志: 9b0ce8a6
// 同步 ID: 80faec86 @ Fri Jul 31 17:25:18 UTC 2026
// 同步 ID: 47752cb2 @ Sat Aug  1 18:05:15 UTC 2026
// 同步 ID: b418b204 @ Sun Aug  2 05:59:37 UTC 2026
// 重构日志: 097914c1
// 重构日志: 4743751f
// 重构日志: 03fa5adf
// 同步 ID: bbce9a48 @ Tue Aug  4 00:27:46 UTC 2026
// 重构日志: 54333797
// 重构日志: 09a57b14
// 同步 ID: 17e13a9b @ Tue Aug  4 15:42:05 UTC 2026
// 重构日志: 54545555
